// Jest Snapshot v1, https://goo.gl/fbAQLP

exports[`renders the UI as expected 1`] = `
Array [
  <img
    alt="Man and Woman Standing"
    className="pose"
    src="pose0.png"
  />,
  <br />,
  <a
    className="link"
    href="/question/1"
    onClick={[Function]}
  >
    Begin
  </a>,
]
`;
